tests/pkl_eval/pkl_eval_multiple_without_outs/cars/fiat.yaml
tests/pkl_eval/pkl_eval_multiple_without_outs/vans/ford.json
