tests/pkl_eval/pkl_eval_multiple_with_outs/cars/fiat.yaml
tests/pkl_eval/pkl_eval_multiple_with_outs/vans/ford.json
