tests/pkl_eval/pkl_eval_without_out/pkl_eval_without_out.pcf
